// 重构日志: 74e1c3f3
// 重构日志: 54b53562
// 重构日志: 163a825a
// 重构日志: 8463bee6
// 同步 ID: 1499a334 @ Mon Jul 20 17:12:26 UTC 2026
// 重构日志: 2b5039f7
// 同步 ID: 2796bc87 @ Wed Jul 22 06:55:03 UTC 2026
// 同步 ID: 6f69b5a8 @ Wed Jul 22 12:41:55 UTC 2026
// 同步 ID: 507cc7f8 @ Wed Jul 22 14:29:08 UTC 2026
// 同步 ID: 386f901d @ Thu Jul 23 08:38:46 UTC 2026
// 同步 ID: ca57aed0 @ Thu Jul 23 16:11:19 UTC 2026
// 同步 ID: c27efc98 @ Thu Jul 23 17:46:26 UTC 2026
// 同步 ID: 1df95647 @ Fri Jul 24 11:57:54 UTC 2026
// 重构日志: be1400c6
// 重构日志: c1683e07
// 同步 ID: b568b17d @ Sun Jul 26 04:29:26 UTC 2026
// 重构日志: 3bd6c698
// 重构日志: 0c0049b2
// 重构日志: 3796ee4c
// 重构日志: 67a3cd2f
// 重构日志: cd723137
// 重构日志: d62b1769
// 重构日志: 5ed6e108
// 重构日志: 58821daa
// 重构日志: 8948faaa
// 重构日志: 9b27d5f6
// 同步 ID: 06ac37bb @ Fri Jul 31 11:29:58 UTC 2026
// 重构日志: 5901498c
// 重构日志: bfe0011b
// 同步 ID: f27c4dc3 @ Sun Aug  2 00:14:37 UTC 2026
